J=0  (c=2, k=3)
J=0.105263  (c=2, k=3)
J=0.210526  (c=2, k=3)
J=0.315789  (c=2, k=3)
J=0.421053  (c=2, k=3)
J=0.526316  (c=2, k=3)
J=0.631579  (c=2, k=3)
J=0.736842  (c=2, k=3)
J=0.842105  (c=2, k=3)
J=0.947368  (c=2, k=3)
J=1.05263  (c=2, k=3)
J=1.15789  (c=2, k=3)
J=1.26316  (c=2, k=3)
J=1.36842  (c=2, k=3)
J=1.47368  (c=2, k=3)
J=1.57895  (c=2, k=3)
J=1.68421  (c=2, k=3)
J=1.78947  (c=2, k=3)
J=1.89474  (c=2, k=3)
J=2  (c=2, k=3)
S_PT outliers (>8× neighbor median): J=0 (S_PT=0.368)
S_V outliers (>8× neighbor median): J=1.68421 (S_V=0.00225), J=1.89474 (S_V=0.00318), J=2 (S_V=0.00272)
Scales: S_PT=log (range 4.3 decades), S_V=log (range 3.2 decades)
Wrote figure: /home/aaron/Desktop/experiments_v_matrix/save/pt_cut_reference/fig_sv_spt_vs_j.pdf
Wrote results to /home/aaron/Desktop/experiments_v_matrix/save/pt_cut_reference
