=== Interpretation table (valid main-run points) ===
 c    J object                        S     exp(S)         p1    r99
--------------------------------------------------------------------
 1  1.0 process_tensor       8.0634e-07 1.0000e+00 1.0000e+00      1
 1  1.0 response_centered    1.4495e-06 1.0000e+00 1.0000e+00      1
 1  1.0 response_uncentered  4.0166e-07 1.0000e+00 1.0000e+00      1
 1  3.0 process_tensor       2.0262e-05 1.0000e+00 1.0000e+00      1
 1  3.0 response_centered    1.2532e-04 1.0001e+00 9.9999e-01      1
 1  3.0 response_uncentered  3.4899e-05 1.0000e+00 1.0000e+00      1
 1  6.0 process_tensor       5.2772e-05 1.0001e+00 1.0000e+00      1
 1  6.0 response_centered    3.1842e-03 1.0032e+00 9.9966e-01      1
 1  6.0 response_uncentered  9.2521e-04 1.0009e+00 9.9992e-01      1
 2  1.0 process_tensor       2.3013e-04 1.0002e+00 9.9998e-01      1
 2  1.0 response_centered    2.0234e-04 1.0002e+00 9.9998e-01      1
 2  1.0 response_uncentered  9.4660e-05 1.0001e+00 9.9999e-01      1
 2  3.0 process_tensor       4.2530e-03 1.0043e+00 9.9952e-01      1
 2  3.0 response_centered    1.5024e-02 1.0151e+00 9.9792e-01      1
 2  3.0 response_uncentered  7.4351e-03 1.0075e+00 9.9907e-01      1
 2  6.0 process_tensor       4.1770e-03 1.0042e+00 9.9956e-01      1
 2  6.0 response_centered    2.4658e-01 1.2796e+00 9.3813e-01      2
 2  6.0 response_uncentered  1.4960e-01 1.1614e+00 9.6780e-01      2
 3  1.0 process_tensor       4.9302e-04 1.0005e+00 9.9996e-01      1
 3  1.0 response_centered    4.4951e-04 1.0004e+00 9.9996e-01      1
 3  1.0 response_uncentered  2.7317e-04 1.0003e+00 9.9998e-01      1
 3  3.0 process_tensor       7.8792e-03 1.0079e+00 9.9900e-01      1
 3  3.0 response_centered    1.7589e-02 1.0177e+00 9.9748e-01      1
 3  3.0 response_uncentered  1.1285e-02 1.0113e+00 9.9850e-01      1
 3  6.0 process_tensor       5.1271e-03 1.0051e+00 9.9939e-01      1
 3  6.0 response_centered    9.6938e-02 1.1018e+00 9.8029e-01      2
 3  6.0 response_uncentered  7.5500e-02 1.0784e+00 9.8557e-01      2

=== Strong-coupling divergence mechanisms (J=1 vs J=6, c=2) ===
  - C: Centering materially changes response entropy (S_cent/S_unc=1.65 at J=6)
  - E: Finite L/k grid shifts centered-response entropy by >10% at J=3
Catalog ceiling: log(4096) = 8.3178 nats for S_V^full at k=3.
Dense causal-block SVD is the exact operator-Schmidt spectrum for the causal channel-block grouping. MPOProcessTensor.compute_schmidt_spectrum(cut) uses the canonical MPO tensor bond between sites cut-1 and cut; these blockings coincide only when the MPO site cut matches the causal-block partition.
